// Jest Snapshot v1, https://goo.gl/fbAQLP

exports[`<HeaderNotification /> renders correctly 1`] = `<Text />`;
