// Jest Snapshot v1, https://goo.gl/fbAQLP

exports[`Auth actions should create an action to logout 1`] = `
Object {
  "type": "LOGOUT",
}
`;
