// Jest Snapshot v1, https://goo.gl/fbAQLP

exports[`<Background /> renders correctly 1`] = `null`;
